python.exe : 530 INFO: PyInstaller: 6.19.0, contrib hooks: 2026.1
At line:1 char:82
+ ... lyContinue; & "env\Scripts\python.exe" -m PyInstaller --onefile --nam ...
+                 ~~~~~~~~~~~~~~~~~~~~~~~~~~~~~~~~~~~~~~~~~~~~~~~~~~~~~~~~~
    + CategoryInfo          : NotSpecified: (530 INFO: PyIns...b hooks: 2026.1 
   :String) [], RemoteException
    + FullyQualifiedErrorId : NativeCommandError
 
530 INFO: Python: 3.13.12
560 INFO: Platform: Windows-11-10.0.26200-SP0
560 INFO: Python environment: D:\PROJECTS\German-tax-automation-prod\German-tax
-automation-prod\German-tax-automation-prod\env
561 INFO: wrote D:\PROJECTS\German-tax-automation-prod\German-tax-automation-pr
od\German-tax-automation-prod\document_processor.spec
576 INFO: Module search paths (PYTHONPATH):
['D:\\PROJECTS\\German-tax-automation-prod\\German-tax-automation-prod\\German-
tax-automation-prod',
 'C:\\Program '
 'Files\\WindowsApps\\PythonSoftwareFoundation.Python.3.13_3.13.3312.0_x64__qbz
5n2kfra8p0\\python313.zip',
 'C:\\Program '
 'Files\\WindowsApps\\PythonSoftwareFoundation.Python.3.13_3.13.3312.0_x64__qbz
5n2kfra8p0\\DLLs',
 'C:\\Program '
 'Files\\WindowsApps\\PythonSoftwareFoundation.Python.3.13_3.13.3312.0_x64__qbz
5n2kfra8p0\\Lib',
 'D:\\WindowsApps\\PythonSoftwareFoundation.Python.3.13_3.13.3312.0_x64__qbz5n2
kfra8p0',
 'D:\\PROJECTS\\German-tax-automation-prod\\German-tax-automation-prod\\German-
tax-automation-prod\\env',
 'D:\\PROJECTS\\German-tax-automation-prod\\German-tax-automation-prod\\German-
tax-automation-prod\\env\\Lib\\site-packages',
 'D:\\PROJECTS\\German-tax-automation-prod\\German-tax-automation-prod\\German-
tax-automation-prod\\env\\Lib\\site-packages\\win32',
 'D:\\PROJECTS\\German-tax-automation-prod\\German-tax-automation-prod\\German-
tax-automation-prod\\env\\Lib\\site-packages\\win32\\lib',
 'D:\\PROJECTS\\German-tax-automation-prod\\German-tax-automation-prod\\German-
tax-automation-prod\\env\\Lib\\site-packages\\Pythonwin',
 'D:\\PROJECTS\\German-tax-automation-prod\\German-tax-automation-prod\\German-
tax-automation-prod\\script']
1453 INFO: checking Analysis
1454 INFO: Building Analysis because Analysis-00.toc is non existent
1454 INFO: Looking for Python shared library...
1454 INFO: Using Python shared library: C:\Program Files\WindowsApps\PythonSoft
wareFoundation.Python.3.13_3.13.3312.0_x64__qbz5n2kfra8p0\python313.dll
1454 INFO: Running Analysis Analysis-00.toc
1454 INFO: Target bytecode optimization level: 0
1454 INFO: Initializing module dependency graph...
1463 INFO: Initializing module graph hook caches...
1486 INFO: Analyzing modules for base_library.zip ...
4199 INFO: Processing standard module hook 'hook-encodings.py' from 'D:\\PROJEC
TS\\German-tax-automation-prod\\German-tax-automation-prod\\German-tax-automati
on-prod\\env\\Lib\\site-packages\\PyInstaller\\hooks'
6605 INFO: Processing standard module hook 'hook-heapq.py' from 'D:\\PROJECTS\\
German-tax-automation-prod\\German-tax-automation-prod\\German-tax-automation-p
rod\\env\\Lib\\site-packages\\PyInstaller\\hooks'
8339 INFO: Processing standard module hook 'hook-pickle.py' from 'D:\\PROJECTS\
\German-tax-automation-prod\\German-tax-automation-prod\\German-tax-automation-
prod\\env\\Lib\\site-packages\\PyInstaller\\hooks'
11025 INFO: Caching module dependency graph...
11080 INFO: Analyzing D:\PROJECTS\German-tax-automation-prod\German-tax-automat
ion-prod\German-tax-automation-prod\script\document_processor.py
11165 INFO: Processing standard module hook 'hook-docx2pdf.py' from 'D:\\PROJEC
TS\\German-tax-automation-prod\\German-tax-automation-prod\\German-tax-automati
on-prod\\env\\Lib\\site-packages\\_pyinstaller_hooks_contrib\\stdhooks'
11400 INFO: Processing standard module hook 'hook-sysconfig.py' from 'D:\\PROJE
CTS\\German-tax-automation-prod\\German-tax-automation-prod\\German-tax-automat
ion-prod\\env\\Lib\\site-packages\\PyInstaller\\hooks'
11411 INFO: Processing standard module hook 'hook-_ctypes.py' from 'D:\\PROJECT
S\\German-tax-automation-prod\\German-tax-automation-prod\\German-tax-automatio
n-prod\\env\\Lib\\site-packages\\PyInstaller\\hooks'
11534 INFO: Processing standard module hook 'hook-multiprocessing.util.py' 
from 'D:\\PROJECTS\\German-tax-automation-prod\\German-tax-automation-prod\\Ger
man-tax-automation-prod\\env\\Lib\\site-packages\\PyInstaller\\hooks'
11875 INFO: Processing standard module hook 'hook-xml.py' from 'D:\\PROJECTS\\G
erman-tax-automation-prod\\German-tax-automation-prod\\German-tax-automation-pr
od\\env\\Lib\\site-packages\\PyInstaller\\hooks'
12454 INFO: Processing pre-safe-import-module hook 
'hook-importlib_metadata.py' from 'D:\\PROJECTS\\German-tax-automation-prod\\Ge
rman-tax-automation-prod\\German-tax-automation-prod\\env\\Lib\\site-packages\\
PyInstaller\\hooks\\pre_safe_import_module'
12455 INFO: SetuptoolsInfo: initializing cached setuptools info...
13949 INFO: Setuptools: 'importlib_metadata' appears to be a 
setuptools-vendored copy - creating alias to 
'setuptools._vendor.importlib_metadata'!
13967 INFO: Processing standard module hook 'hook-setuptools.py' from 'D:\\PROJ
ECTS\\German-tax-automation-prod\\German-tax-automation-prod\\German-tax-automa
tion-prod\\env\\Lib\\site-packages\\PyInstaller\\hooks'
14041 INFO: Processing standard module hook 'hook-platform.py' from 'D:\\PROJEC
TS\\German-tax-automation-prod\\German-tax-automation-prod\\German-tax-automati
on-prod\\env\\Lib\\site-packages\\PyInstaller\\hooks'
14050 INFO: Processing pre-safe-import-module hook 'hook-distutils.py' from 'D:
\\PROJECTS\\German-tax-automation-prod\\German-tax-automation-prod\\German-tax-
automation-prod\\env\\Lib\\site-packages\\PyInstaller\\hooks\\pre_safe_import_m
odule'
14096 INFO: Processing pre-safe-import-module hook 'hook-jaraco.py' from 'D:\\P
ROJECTS\\German-tax-automation-prod\\German-tax-automation-prod\\German-tax-aut
omation-prod\\env\\Lib\\site-packages\\PyInstaller\\hooks\\pre_safe_import_modu
le'
14097 INFO: Setuptools: 'jaraco' appears to be a full setuptools-vendored copy 
- creating alias to 'setuptools._vendor.jaraco'!
14116 INFO: Processing pre-safe-import-module hook 'hook-more_itertools.py' 
from 'D:\\PROJECTS\\German-tax-automation-prod\\German-tax-automation-prod\\Ger
man-tax-automation-prod\\env\\Lib\\site-packages\\PyInstaller\\hooks\\pre_safe_
import_module'
14116 INFO: Setuptools: 'more_itertools' appears to be a setuptools-vendored 
copy - creating alias to 'setuptools._vendor.more_itertools'!
14371 INFO: Processing pre-safe-import-module hook 'hook-typing_extensions.py' 
from 'D:\\PROJECTS\\German-tax-automation-prod\\German-tax-automation-prod\\Ger
man-tax-automation-prod\\env\\Lib\\site-packages\\PyInstaller\\hooks\\pre_safe_
import_module'
14541 INFO: Processing pre-safe-import-module hook 'hook-packaging.py' from 'D:
\\PROJECTS\\German-tax-automation-prod\\German-tax-automation-prod\\German-tax-
automation-prod\\env\\Lib\\site-packages\\PyInstaller\\hooks\\pre_safe_import_m
odule'
14760 INFO: Processing standard module hook 
'hook-setuptools._vendor.jaraco.text.py' from 'D:\\PROJECTS\\German-tax-automat
ion-prod\\German-tax-automation-prod\\German-tax-automation-prod\\env\\Lib\\sit
e-packages\\PyInstaller\\hooks'
14763 INFO: Processing pre-safe-import-module hook 
'hook-importlib_resources.py' from 'D:\\PROJECTS\\German-tax-automation-prod\\G
erman-tax-automation-prod\\German-tax-automation-prod\\env\\Lib\\site-packages\
\PyInstaller\\hooks\\pre_safe_import_module'
15118 INFO: Processing pre-safe-import-module hook 'hook-backports.py' from 'D:
\\PROJECTS\\German-tax-automation-prod\\German-tax-automation-prod\\German-tax-
automation-prod\\env\\Lib\\site-packages\\PyInstaller\\hooks\\pre_safe_import_m
odule'
15119 INFO: Setuptools: 'backports' appears to be a full setuptools-vendored 
copy - creating alias to 'setuptools._vendor.backports'!
15814 INFO: Processing pre-safe-import-module hook 'hook-tomli.py' from 'D:\\PR
OJECTS\\German-tax-automation-prod\\German-tax-automation-prod\\German-tax-auto
mation-prod\\env\\Lib\\site-packages\\PyInstaller\\hooks\\pre_safe_import_modul
e'
15815 INFO: Setuptools: 'tomli' appears to be a setuptools-vendored copy - 
creating alias to 'setuptools._vendor.tomli'!
16816 INFO: Processing pre-safe-import-module hook 'hook-wheel.py' from 'D:\\PR
OJECTS\\German-tax-automation-prod\\German-tax-automation-prod\\German-tax-auto
mation-prod\\env\\Lib\\site-packages\\PyInstaller\\hooks\\pre_safe_import_modul
e'
16817 INFO: Setuptools: 'wheel' appears to be a setuptools-vendored copy - 
creating alias to 'setuptools._vendor.wheel'!
16917 INFO: Processing standard module hook 
'hook-setuptools._vendor.importlib_metadata.py' from 'D:\\PROJECTS\\German-tax-
automation-prod\\German-tax-automation-prod\\German-tax-automation-prod\\env\\L
ib\\site-packages\\PyInstaller\\hooks'
16960 INFO: Processing pre-safe-import-module hook 'hook-zipp.py' from 'D:\\PRO
JECTS\\German-tax-automation-prod\\German-tax-automation-prod\\German-tax-autom
ation-prod\\env\\Lib\\site-packages\\PyInstaller\\hooks\\pre_safe_import_module
'
16961 INFO: Setuptools: 'zipp' appears to be a setuptools-vendored copy - 
creating alias to 'setuptools._vendor.zipp'!
18055 INFO: Processing pre-safe-import-module hook 'hook-win32com.py' from 'D:\
\PROJECTS\\German-tax-automation-prod\\German-tax-automation-prod\\German-tax-a
utomation-prod\\env\\Lib\\site-packages\\_pyinstaller_hooks_contrib\\pre_safe_i
mport_module'
18483 INFO: Processing standard module hook 'hook-win32com.py' from 'D:\\PROJEC
TS\\German-tax-automation-prod\\German-tax-automation-prod\\German-tax-automati
on-prod\\env\\Lib\\site-packages\\_pyinstaller_hooks_contrib\\stdhooks'
18485 INFO: Processing standard module hook 'hook-pythoncom.py' from 'D:\\PROJE
CTS\\German-tax-automation-prod\\German-tax-automation-prod\\German-tax-automat
ion-prod\\env\\Lib\\site-packages\\_pyinstaller_hooks_contrib\\stdhooks'
18726 INFO: Processing standard module hook 'hook-pywintypes.py' from 'D:\\PROJ
ECTS\\German-tax-automation-prod\\German-tax-automation-prod\\German-tax-automa
tion-prod\\env\\Lib\\site-packages\\_pyinstaller_hooks_contrib\\stdhooks'
20814 INFO: Processing standard module hook 'hook-xml.dom.domreg.py' from 'D:\\
PROJECTS\\German-tax-automation-prod\\German-tax-automation-prod\\German-tax-au
tomation-prod\\env\\Lib\\site-packages\\PyInstaller\\hooks'
21168 INFO: Processing standard module hook 'hook-PIL.py' from 'D:\\PROJECTS\\G
erman-tax-automation-prod\\German-tax-automation-prod\\German-tax-automation-pr
od\\env\\Lib\\site-packages\\PyInstaller\\hooks'
21365 INFO: Processing standard module hook 'hook-PIL.Image.py' from 'D:\\PROJE
CTS\\German-tax-automation-prod\\German-tax-automation-prod\\German-tax-automat
ion-prod\\env\\Lib\\site-packages\\PyInstaller\\hooks'
22512 INFO: Processing standard module hook 'hook-xml.etree.cElementTree.py' 
from 'D:\\PROJECTS\\German-tax-automation-prod\\German-tax-automation-prod\\Ger
man-tax-automation-prod\\env\\Lib\\site-packages\\PyInstaller\\hooks'
22848 INFO: Processing standard module hook 'hook-PIL.ImageFilter.py' from 'D:\
\PROJECTS\\German-tax-automation-prod\\German-tax-automation-prod\\German-tax-a
utomation-prod\\env\\Lib\\site-packages\\PyInstaller\\hooks'
24085 INFO: Processing standard module hook 'hook-reportlab.lib.utils.py' from 
'D:\\PROJECTS\\German-tax-automation-prod\\German-tax-automation-prod\\German-t
ax-automation-prod\\env\\Lib\\site-packages\\_pyinstaller_hooks_contrib\\stdhoo
ks'
24198 INFO: Processing standard module hook 
'hook-reportlab.pdfbase._fontdata.py' from 'D:\\PROJECTS\\German-tax-automation
-prod\\German-tax-automation-prod\\German-tax-automation-prod\\env\\Lib\\site-p
ackages\\_pyinstaller_hooks_contrib\\stdhooks'
25560 INFO: Processing standard module hook 'hook-charset_normalizer.py' from '
D:\\PROJECTS\\German-tax-automation-prod\\German-tax-automation-prod\\German-ta
x-automation-prod\\env\\Lib\\site-packages\\_pyinstaller_hooks_contrib\\stdhook
s'
26059 INFO: Processing standard module hook 'hook-difflib.py' from 'D:\\PROJECT
S\\German-tax-automation-prod\\German-tax-automation-prod\\German-tax-automatio
n-prod\\env\\Lib\\site-packages\\PyInstaller\\hooks'
29808 INFO: Processing module hooks (post-graph stage)...
30462 INFO: Processing standard module hook 'hook-PIL.SpiderImagePlugin.py' 
from 'D:\\PROJECTS\\German-tax-automation-prod\\German-tax-automation-prod\\Ger
man-tax-automation-prod\\env\\Lib\\site-packages\\PyInstaller\\hooks'
31460 INFO: Performing binary vs. data reclassification (19 entries)
31469 INFO: Looking for ctypes DLLs
31521 INFO: Analyzing run-time hooks ...
31526 INFO: Including run-time hook 'pyi_rth_inspect.py' from 'D:\\PROJECTS\\Ge
rman-tax-automation-prod\\German-tax-automation-prod\\German-tax-automation-pro
d\\env\\Lib\\site-packages\\PyInstaller\\hooks\\rthooks'
31531 INFO: Including run-time hook 'pyi_rth_pkgutil.py' from 'D:\\PROJECTS\\Ge
rman-tax-automation-prod\\German-tax-automation-prod\\German-tax-automation-pro
d\\env\\Lib\\site-packages\\PyInstaller\\hooks\\rthooks'
31538 INFO: Including run-time hook 'pyi_rth_multiprocessing.py' from 'D:\\PROJ
ECTS\\German-tax-automation-prod\\German-tax-automation-prod\\German-tax-automa
tion-prod\\env\\Lib\\site-packages\\PyInstaller\\hooks\\rthooks'
31542 INFO: Including run-time hook 'pyi_rth_pywintypes.py' from 'D:\\PROJECTS\
\German-tax-automation-prod\\German-tax-automation-prod\\German-tax-automation-
prod\\env\\Lib\\site-packages\\_pyinstaller_hooks_contrib\\rthooks'
31544 INFO: Including run-time hook 'pyi_rth_pythoncom.py' from 'D:\\PROJECTS\\
German-tax-automation-prod\\German-tax-automation-prod\\German-tax-automation-p
rod\\env\\Lib\\site-packages\\_pyinstaller_hooks_contrib\\rthooks'
31545 INFO: Including run-time hook 'pyi_rth_setuptools.py' from 'D:\\PROJECTS\
\German-tax-automation-prod\\German-tax-automation-prod\\German-tax-automation-
prod\\env\\Lib\\site-packages\\PyInstaller\\hooks\\rthooks'
31566 INFO: Creating base_library.zip...
31602 INFO: Looking for dynamic libraries
33577 INFO: Extra DLL search directories (AddDllDirectory): []
33577 INFO: Extra DLL search directories (PATH): []
34783 INFO: Warnings written to D:\PROJECTS\German-tax-automation-prod\German-t
ax-automation-prod\German-tax-automation-prod\build\document_processor\warn-doc
ument_processor.txt
34876 INFO: Graph cross-reference written to D:\PROJECTS\German-tax-automation-
prod\German-tax-automation-prod\German-tax-automation-prod\build\document_proce
ssor\xref-document_processor.html
34919 INFO: checking PYZ
34920 INFO: Building PYZ because PYZ-00.toc is non existent
34920 INFO: Building PYZ (ZlibArchive) D:\PROJECTS\German-tax-automation-prod\G
erman-tax-automation-prod\German-tax-automation-prod\build\document_processor\P
YZ-00.pyz
36351 INFO: Building PYZ (ZlibArchive) D:\PROJECTS\German-tax-automation-prod\G
erman-tax-automation-prod\German-tax-automation-prod\build\document_processor\P
YZ-00.pyz completed successfully.
36392 INFO: checking PKG
36392 INFO: Building PKG because PKG-00.toc is non existent
36392 INFO: Building PKG (CArchive) document_processor.pkg
43585 INFO: Building PKG (CArchive) document_processor.pkg completed 
successfully.
43591 INFO: Bootloader D:\PROJECTS\German-tax-automation-prod\German-tax-automa
tion-prod\German-tax-automation-prod\env\Lib\site-packages\PyInstaller\bootload
er\Windows-64bit-intel\run.exe
43591 INFO: checking EXE
43591 INFO: Building EXE because EXE-00.toc is non existent
43591 INFO: Building EXE from EXE-00.toc
Traceback (most recent call last):
  File "<frozen runpy>", line 198, in _run_module_as_main
  File "<frozen runpy>", line 88, in _run_code
  File "D:\PROJECTS\German-tax-automation-prod\German-tax-automation-prod\Germa
n-tax-automation-prod\env\Lib\site-packages\PyInstaller\__main__.py", line 
321, in <module>
    run()
    ~~~^^
  File "D:\PROJECTS\German-tax-automation-prod\German-tax-automation-prod\Germa
n-tax-automation-prod\env\Lib\site-packages\PyInstaller\__main__.py", line 
215, in run
    run_build(pyi_config, spec_file, **vars(args))
    ~~~~~~~~~^^^^^^^^^^^^^^^^^^^^^^^^^^^^^^^^^^^^^
  File "D:\PROJECTS\German-tax-automation-prod\German-tax-automation-prod\Germa
n-tax-automation-prod\env\Lib\site-packages\PyInstaller\__main__.py", line 70, 
in run_build
    PyInstaller.building.build_main.main(pyi_config, spec_file, **kwargs)
    ~~~~~~~~~~~~~~~~~~~~~~~~~~~~~~~~~~~~^^^^^^^^^^^^^^^^^^^^^^^^^^^^^^^^^
  File "D:\PROJECTS\German-tax-automation-prod\German-tax-automation-prod\Germa
n-tax-automation-prod\env\Lib\site-packages\PyInstaller\building\build_main.py"
, line 1275, in main
    build(specfile, distpath, workpath, clean_build)
    ~~~~~^^^^^^^^^^^^^^^^^^^^^^^^^^^^^^^^^^^^^^^^^^^
  File "D:\PROJECTS\German-tax-automation-prod\German-tax-automation-prod\Germa
n-tax-automation-prod\env\Lib\site-packages\PyInstaller\building\build_main.py"
, line 1213, in build
    exec(code, spec_namespace)
    ~~~~^^^^^^^^^^^^^^^^^^^^^^
  File "D:\PROJECTS\German-tax-automation-prod\German-tax-automation-prod\Germa
n-tax-automation-prod\document_processor.spec", line 19, in <module>
    exe = EXE(
        pyz,
    ...<16 lines>...
        entitlements_file=None,
    )
  File "D:\PROJECTS\German-tax-automation-prod\German-tax-automation-prod\Germa
n-tax-automation-prod\env\Lib\site-packages\PyInstaller\building\api.py", line 
675, in __init__
    self.__postinit__()
    ~~~~~~~~~~~~~~~~~^^
  File "D:\PROJECTS\German-tax-automation-prod\German-tax-automation-prod\Germa
n-tax-automation-prod\env\Lib\site-packages\PyInstaller\building\datastruct.py"
, line 184, in __postinit__
    self.assemble()
    ~~~~~~~~~~~~~^^
  File "D:\PROJECTS\German-tax-automation-prod\German-tax-automation-prod\Germa
n-tax-automation-prod\env\Lib\site-packages\PyInstaller\building\api.py", line 
769, in assemble
    os.remove(self.name)
    ~~~~~~~~~^^^^^^^^^^^
PermissionError: [WinError 5] Access is denied: 'D:\\PROJECTS\\German-tax-autom
ation-prod\\German-tax-automation-prod\\German-tax-automation-prod\\dist\\docum
ent_processor.exe'
