document_processor.exe : 2026-02-28 23:08:29,017 - INFO - \u2713 Created 
directory: output \u2192 D:\PROJECTS\German-tax-automation-prod\German-tax-auto
mation-prod\German-tax-automation-prod\output
At line:1 char:75
+ ... Action SilentlyContinue; & "dist/document_processor.exe" 2>&1 | Tee-O ...
+                              ~~~~~~~~~~~~~~~~~~~~~~~~~~~~~~~~~~~~
    + CategoryInfo          : NotSpecified: (2026-02-28 23:0...ion-prod\output 
   :String) [], RemoteException
    + FullyQualifiedErrorId : NativeCommandError
 
2026-02-28 23:08:29,017 - INFO - Starting document processing...
2026-02-28 23:08:29,017 - INFO - Searching for files in: D:\PROJECTS\German-tax
-automation-prod\German-tax-automation-prod\German-tax-automation-prod\input\Im
port Directory
2026-02-28 23:08:29,018 - INFO - Matched jahresabschluss: 439111 - JA 
Jahresabschluss 2024.pdf
2026-02-28 23:08:29,018 - INFO - Matched offenlegung: 439113 - JA Offenlegung 
Bundesanzeiger 2024_12.pdf
2026-02-28 23:08:29,018 - INFO - Matched kst_freizeichnung: 439228 - KSt 
ErklΣrung Freizeichnungsdokument 2024.pdf
2026-02-28 23:08:29,018 - INFO - Matched kst: 439112 - KSt ErklΣrung 2024.pdf
2026-02-28 23:08:29,019 - INFO - Matched ust_freizeichnung: 439224 - USt 
ErklΣrung Freizeichnungsdokument 2024.pdf
2026-02-28 23:08:29,019 - INFO - Matched ust: 439088 - USt ErklΣrung 2024.pdf
2026-02-28 23:08:29,019 - INFO - Found documents for 6 types
2026-02-28 23:08:29,019 - ERROR - CRITICAL ERROR: 'charmap' codec can't encode 
character '\u2713' in position 2: character maps to <undefined>
Traceback (most recent call last):
  File "document_processor.py", line 423, in <module>
  File "encodings\cp1252.py", line 19, in encode
UnicodeEncodeError: 'charmap' codec can't encode character '\u2713' in 
position 2: character maps to <undefined>
Traceback (most recent call last):
  File "document_processor.py", line 423, in <module>
  File "encodings\cp1252.py", line 19, in encode
UnicodeEncodeError: 'charmap' codec can't encode character '\u2713' in 
position 2: character maps to <undefined>

During handling of the above exception, another exception occurred:

Traceback (most recent call last):
  File "document_processor.py", line 497, in <module>
  File "encodings\cp1252.py", line 19, in encode
UnicodeEncodeError: 'charmap' codec can't encode character '\u2717' in 
position 0: character maps to <undefined>
[PYI-15864:ERROR] Failed to execute script 'document_processor' due to 
unhandled exception!

======================================================================
German Tax Automation - Document Processor v2.0
======================================================================
Running from: D:\PROJECTS\German-tax-automation-prod\German-tax-automation-prod\German-tax-automation-prod
Project root: D:\PROJECTS\German-tax-automation-prod\German-tax-automation-prod\German-tax-automation-prod
======================================================================


======================================================================
